127.0.0.1 - - [25/Jun/2026:04:12:00 +0530] "GET /index.html HTTP/1.1" 200 4523 "-" "Mozilla/5.0 (Windows NT 10.0; Win64; x64)"
8.8.8.8 - - [25/Jun/2026:04:15:10 +0530] "GET /css/styles.css HTTP/1.1" 200 1204 "http://localhost/index.html" "Mozilla/5.0 (Windows NT 10.0)"
127.0.0.1 - - [25/Jun/2026:04:18:22 +0530] "GET /js/app.js HTTP/1.1" 200 5678 "http://localhost/index.html" "Mozilla/5.0 (Windows NT 10.0)"
1.1.1.1 - - [25/Jun/2026:04:30:15 +0530] "GET /products?id=1%20UNION%20SELECT%20username,password%20FROM%20users HTTP/1.1" 200 15200 "-" "sqlmap/1.8.2#stable"
8.8.8.8 - - [25/Jun/2026:04:45:00 +0530] "GET /img/logo.png HTTP/1.1" 304 0 "http://localhost/index.html" "Mozilla/5.0 (Windows NT 10.0)"
95.90.245.10 - - [25/Jun/2026:05:02:15 +0530] "GET /blog HTTP/1.1" 200 8904 "-" "Mozilla/5.0 (Macintosh; Intel Mac OS X 10_15_7)"
95.90.245.10 - - [25/Jun/2026:05:03:00 +0530] "GET /blog/post-1 HTTP/1.1" 200 4210 "http://localhost/blog" "Mozilla/5.0 (Macintosh; Intel Mac OS X)"
103.21.244.2 - - [25/Jun/2026:05:15:40 +0530] "GET /search?q=%3Cscript%3Ealert(document.cookie)%3C/script%3E HTTP/1.1" 200 180 "http://localhost/index.html" "Mozilla/5.0 (iPhone; CPU iPhone OS 17_4_1)"
8.8.8.8 - - [25/Jun/2026:05:22:18 +0530] "GET /contact HTTP/1.1" 200 2341 "http://localhost/index.html" "Mozilla/5.0 (Windows NT 10.0)"
127.0.0.1 - - [25/Jun/2026:05:30:12 +0530] "GET /api/status HTTP/1.1" 200 98 "-" "LogLensMonitor/1.0"
195.154.122.3 - - [25/Jun/2026:05:40:02 +0530] "GET /admin/config.php?file=../../../../etc/passwd HTTP/1.1" 403 290 "-" "Mozilla/5.0 (X11; Linux x86_64)"
185.190.140.1 - - [25/Jun/2026:05:45:10 +0530] "GET /download.php?path=..\\..\\windows\\win.ini HTTP/1.1" 404 125 "-" "Mozilla/5.0 (Windows NT 10.0)"
95.90.245.10 - - [25/Jun/2026:06:05:00 +0530] "GET /blog/post-2 HTTP/1.1" 200 5122 "http://localhost/blog" "Mozilla/5.0 (Macintosh; Intel Mac OS X)"
200.221.2.45 - - [25/Jun/2026:06:10:01 +0530] "POST /login HTTP/1.1" 401 543 "-" "Mozilla/5.0 (Windows NT 10.0)"
200.221.2.45 - - [25/Jun/2026:06:10:05 +0530] "POST /login HTTP/1.1" 401 543 "-" "Mozilla/5.0 (Windows NT 10.0)"
200.221.2.45 - - [25/Jun/2026:06:10:10 +0530] "POST /login HTTP/1.1" 401 543 "-" "Mozilla/5.0 (Windows NT 10.0)"
200.221.2.45 - - [25/Jun/2026:06:10:15 +0530] "POST /login HTTP/1.1" 401 543 "-" "Mozilla/5.0 (Windows NT 10.0)"
200.221.2.45 - - [25/Jun/2026:06:10:20 +0530] "POST /login HTTP/1.1" 401 543 "-" "Mozilla/5.0 (Windows NT 10.0)"
200.221.2.45 - - [25/Jun/2026:06:10:25 +0530] "POST /login HTTP/1.1" 200 2343 "-" "Mozilla/5.0 (Windows NT 10.0)"
8.8.8.8 - - [25/Jun/2026:06:15:30 +0530] "GET /dashboard HTTP/1.1" 200 12543 "http://localhost/login" "Mozilla/5.0 (Windows NT 10.0)"
116.228.89.2 - - [25/Jun/2026:06:30:15 +0530] "GET /admin/index.php?user=admin'%20or%20'1'='1 HTTP/1.1" 200 15632 "-" "Mozilla/5.0 (Windows NT 10.0; Win64)"
116.228.89.2 - - [25/Jun/2026:06:31:02 +0530] "GET /admin/style.css HTTP/1.1" 200 854 "-" "Mozilla/5.0 (Windows NT 10.0; Win64)"
116.228.89.2 - - [25/Jun/2026:06:32:00 +0530] "GET /admin/dashboard.php?action=view&file=../../../../etc/shadow HTTP/1.1" 403 290 "-" "Mozilla/5.0 (Windows NT 10.0; Win64)"
95.90.245.10 - - [25/Jun/2026:07:01:05 +0530] "GET /blog/post-3 HTTP/1.1" 200 3122 "http://localhost/blog" "Mozilla/5.0 (Macintosh; Intel Mac OS X)"
103.21.244.2 - - [25/Jun/2026:07:05:40 +0530] "GET /search?q=%3Ciframe%20src=%22javascript:alert(1)%22%3E HTTP/1.1" 200 312 "http://localhost/index.html" "Mozilla/5.0 (iPhone; CPU iPhone OS 17_4_1)"
127.0.0.1 - - [25/Jun/2026:07:08:12 +0530] "GET /api/status HTTP/1.1" 200 98 "-" "LogLensMonitor/1.0"
195.154.122.3 - - [25/Jun/2026:07:11:42 +0530] "GET /login?redir=javascript:document.cookie HTTP/1.1" 200 1045 "-" "Mozilla/5.0 (X11; Linux x86_64)"
1.1.1.1 - - [25/Jun/2026:07:15:30 +0530] "GET /items?q=1%20or%209=9 HTTP/1.1" 200 9452 "-" "Mozilla/5.0 (Windows NT 10.0)"
1.1.1.1 - - [25/Jun/2026:07:16:01 +0530] "GET /items?category=books&sort=price%20desc HTTP/1.1" 200 8122 "http://localhost/items" "Mozilla/5.0 (Windows NT 10.0)"
1.1.1.1 - - [25/Jun/2026:07:16:45 +0530] "GET /items?q='\"%20or%201=1 HTTP/1.1" 200 9452 "-" "Mozilla/5.0 (Windows NT 10.0)"
